PHPUnit 11.5.43 by Sebastian Bergmann and contributors.

Runtime:       PHP 8.2.12
Configuration: C:\xampp\htdocs\CHICHI HUB\phpunit.xml

..................................                                34 / 34 (100%)

Time: 00:00.262, Memory: 8.00 MB

OK (34 tests, 44 assertions)
